2026-10-01 02:33:12,709 INFO o.a.j.u.JMeterUtils: Setting Locale to en_EN
2026-10-01 02:33:12,722 INFO o.a.j.JMeter: Loading user properties from: C:\tools\apache-jmeter-5.6.3\bin\user.properties
2026-10-01 02:33:12,722 INFO o.a.j.JMeter: Loading system properties from: C:\tools\apache-jmeter-5.6.3\bin\system.properties
2026-10-01 02:33:12,722 INFO o.a.j.JMeter: Setting JMeter property: threads=10
2026-10-01 02:33:12,722 INFO o.a.j.JMeter: Setting JMeter property: rampup=0
2026-10-01 02:33:12,722 INFO o.a.j.JMeter: Setting JMeter property: duration=60
2026-10-01 02:33:12,726 INFO o.a.j.JMeter: Copyright (c) 1998-2024 The Apache Software Foundation
2026-10-01 02:33:12,726 INFO o.a.j.JMeter: Version 5.6.3
2026-10-01 02:33:12,726 INFO o.a.j.JMeter: java.version=22
2026-10-01 02:33:12,726 INFO o.a.j.JMeter: java.vm.name=Java HotSpot(TM) 64-Bit Server VM
2026-10-01 02:33:12,726 INFO o.a.j.JMeter: os.name=Windows 11
2026-10-01 02:33:12,726 INFO o.a.j.JMeter: os.arch=amd64
2026-10-01 02:33:12,726 INFO o.a.j.JMeter: os.version=10.0
2026-10-01 02:33:12,726 INFO o.a.j.JMeter: file.encoding=UTF-8
2026-10-01 02:33:12,726 INFO o.a.j.JMeter: java.awt.headless=true
2026-10-01 02:33:12,726 INFO o.a.j.JMeter: Max memory     =1073741824
2026-10-01 02:33:12,726 INFO o.a.j.JMeter: Available Processors =12
2026-10-01 02:33:12,733 INFO o.a.j.JMeter: Default Locale=English (EN)
2026-10-01 02:33:12,733 INFO o.a.j.JMeter: JMeter  Locale=English (EN)
2026-10-01 02:33:12,733 INFO o.a.j.JMeter: JMeterHome=C:\tools\apache-jmeter-5.6.3
2026-10-01 02:33:12,733 INFO o.a.j.JMeter: user.dir  =C:\Users\yoloh\OneDrive\Escritorio\OpenBreweryDB_QA\05_Rendimiento\TC-REN-005
2026-10-01 02:33:12,734 INFO o.a.j.JMeter: PWD       =C:\Users\yoloh\OneDrive\Escritorio\OpenBreweryDB_QA\05_Rendimiento\TC-REN-005
2026-10-01 02:33:12,734 INFO o.a.j.JMeter: IP: 192.168.1.9 Name: Juanher01 FullName: Juanher01
2026-10-01 02:33:12,745 INFO o.a.j.JMeter: Setting property 'jmeter.reportgenerator.outputdir' to:'C:\Users\yoloh\OneDrive\Escritorio\OpenBreweryDB_QA\05_Rendimiento\TC-REN-005\dashboard\TC-REN-005'
2026-10-01 02:33:12,748 INFO o.a.j.s.FileServer: Default base='C:\Users\yoloh\OneDrive\Escritorio\OpenBreweryDB_QA\05_Rendimiento\TC-REN-005'
2026-10-01 02:33:12,750 INFO o.a.j.s.FileServer: Set new base='C:\Users\yoloh\OneDrive\Escritorio\OpenBreweryDB_QA\05_Rendimiento\TC-REN-005\jmeter'
2026-10-01 02:33:12,889 INFO o.a.j.s.SaveService: Testplan (JMX) version: 2.2. Testlog (JTL) version: 2.2
2026-10-01 02:33:12,918 INFO o.a.j.s.SaveService: Using SaveService properties version 5.0
2026-10-01 02:33:12,922 INFO o.a.j.s.SaveService: Using SaveService properties file encoding UTF-8
2026-10-01 02:33:12,925 INFO o.a.j.s.SaveService: Loading file: jmeter\TC-REN-005.jmx
2026-10-01 02:33:12,983 INFO o.a.j.p.h.s.HTTPSamplerBase: Parser for text/html is org.apache.jmeter.protocol.http.parser.LagartoBasedHtmlParser
2026-10-01 02:33:12,984 INFO o.a.j.p.h.s.HTTPSamplerBase: Parser for application/xhtml+xml is org.apache.jmeter.protocol.http.parser.LagartoBasedHtmlParser
2026-10-01 02:33:12,984 INFO o.a.j.p.h.s.HTTPSamplerBase: Parser for application/xml is org.apache.jmeter.protocol.http.parser.LagartoBasedHtmlParser
2026-10-01 02:33:12,984 INFO o.a.j.p.h.s.HTTPSamplerBase: Parser for text/xml is org.apache.jmeter.protocol.http.parser.LagartoBasedHtmlParser
2026-10-01 02:33:12,984 INFO o.a.j.p.h.s.HTTPSamplerBase: Parser for text/vnd.wap.wml is org.apache.jmeter.protocol.http.parser.RegexpHTMLParser
2026-10-01 02:33:12,984 INFO o.a.j.p.h.s.HTTPSamplerBase: Parser for text/css is org.apache.jmeter.protocol.http.parser.CssParser
2026-10-01 02:33:12,992 INFO o.a.j.JMeter: Creating summariser <summary>
2026-10-01 02:33:13,004 INFO o.a.j.r.d.ReportGenerator: ReportGenerator will use for Parsing the separator: ','
2026-10-01 02:33:13,004 INFO o.a.j.r.d.ReportGenerator: Will generate report at end of test from  results file: evidencias\TC-REN-005-results.jtl
2026-10-01 02:33:13,004 INFO o.a.j.r.d.ReportGenerator: Reading report generator properties from: C:\tools\apache-jmeter-5.6.3\bin\reportgenerator.properties
2026-10-01 02:33:13,005 INFO o.a.j.r.d.ReportGenerator: Merging with JMeter properties
2026-10-01 02:33:13,010 INFO o.a.j.r.c.ReportGeneratorConfiguration: Property 'jmeter.reportgenerator.temp_dir' not found, using default value 'temp' instead.
2026-10-01 02:33:13,012 INFO o.a.j.r.c.ReportGeneratorConfiguration: Property 'jmeter.reportgenerator.apdex_per_transaction' not found, using default value 'null' instead.
2026-10-01 02:33:13,012 INFO o.a.j.r.c.ReportGeneratorConfiguration: apdex_per_transaction is empty, not APDEX per transaction customization
2026-10-01 02:33:13,012 INFO o.a.j.r.c.ReportGeneratorConfiguration: Property 'jmeter.reportgenerator.sample_filter' not found, using default value 'null' instead.
2026-10-01 02:33:13,012 INFO o.a.j.r.c.ReportGeneratorConfiguration: Property 'jmeter.reportgenerator.report_title' not found, using default value 'null' instead.
2026-10-01 02:33:13,012 INFO o.a.j.r.c.ReportGeneratorConfiguration: Property 'jmeter.reportgenerator.start_date' not found, using default value 'null' instead.
2026-10-01 02:33:13,012 INFO o.a.j.r.c.ReportGeneratorConfiguration: Property 'jmeter.reportgenerator.end_date' not found, using default value 'null' instead.
2026-10-01 02:33:13,012 INFO o.a.j.r.c.ReportGeneratorConfiguration: Property 'jmeter.reportgenerator.date_format' not found, using default value 'null' instead.
2026-10-01 02:33:13,013 INFO o.a.j.r.c.ReportGeneratorConfiguration: Will use date range start date: null, end date: null
2026-10-01 02:33:13,017 INFO o.a.j.r.c.ReportGeneratorConfiguration: Property 'jmeter.reportgenerator.graph.totalTPS.exclude_controllers' not found, using default value 'false' instead.
2026-10-01 02:33:13,017 INFO o.a.j.r.c.ReportGeneratorConfiguration: Property 'jmeter.reportgenerator.graph.activeThreadsOverTime.exclude_controllers' not found, using default value 'false' instead.
2026-10-01 02:33:13,017 INFO o.a.j.r.c.ReportGeneratorConfiguration: Property 'jmeter.reportgenerator.graph.timeVsThreads.exclude_controllers' not found, using default value 'false' instead.
2026-10-01 02:33:13,017 INFO o.a.j.r.c.ReportGeneratorConfiguration: Property 'jmeter.reportgenerator.graph.responseTimeDistribution.exclude_controllers' not found, using default value 'false' instead.
2026-10-01 02:33:13,017 INFO o.a.j.r.c.ReportGeneratorConfiguration: Property 'jmeter.reportgenerator.graph.transactionsPerSecond.exclude_controllers' not found, using default value 'false' instead.
2026-10-01 02:33:13,017 INFO o.a.j.r.c.ReportGeneratorConfiguration: Property 'jmeter.reportgenerator.graph.responseTimePercentiles.exclude_controllers' not found, using default value 'false' instead.
2026-10-01 02:33:13,018 INFO o.a.j.r.c.ReportGeneratorConfiguration: Property 'jmeter.reportgenerator.graph.responseTimePercentilesOverTime.exclude_controllers' not found, using default value 'false' instead.
2026-10-01 02:33:13,018 INFO o.a.j.r.c.ReportGeneratorConfiguration: Property 'jmeter.reportgenerator.graph.responseTimesOverTime.exclude_controllers' not found, using default value 'false' instead.
2026-10-01 02:33:13,018 INFO o.a.j.r.c.ReportGeneratorConfiguration: Property 'jmeter.reportgenerator.graph.connectTimeOverTime.exclude_controllers' not found, using default value 'false' instead.
2026-10-01 02:33:13,018 INFO o.a.j.r.c.ReportGeneratorConfiguration: Property 'jmeter.reportgenerator.graph.latenciesOverTime.exclude_controllers' not found, using default value 'false' instead.
2026-10-01 02:33:13,019 INFO o.a.j.r.c.ReportGeneratorConfiguration: Property 'jmeter.reportgenerator.exporter.json.filters_only_sample_series' not found, using default value 'true' instead.
2026-10-01 02:33:13,019 INFO o.a.j.r.c.ReportGeneratorConfiguration: Property 'jmeter.reportgenerator.exporter.json.series_filter' not found, using default value '' instead.
2026-10-01 02:33:13,019 INFO o.a.j.r.c.ReportGeneratorConfiguration: Property 'jmeter.reportgenerator.exporter.json.show_controllers_only' not found, using default value 'false' instead.
2026-10-01 02:33:13,020 INFO o.a.j.r.c.ReportGeneratorConfiguration: Property 'jmeter.reportgenerator.exporter.html.filters_only_sample_series' not found, using default value 'true' instead.
2026-10-01 02:33:13,020 INFO o.a.j.r.c.ReportGeneratorConfiguration: Property 'jmeter.reportgenerator.exporter.html.series_filter' not found, using default value '' instead.
2026-10-01 02:33:13,020 INFO o.a.j.r.c.ReportGeneratorConfiguration: Property 'jmeter.reportgenerator.exporter.html.show_controllers_only' not found, using default value 'false' instead.
2026-10-01 02:33:13,032 INFO o.a.j.e.StandardJMeterEngine: Running the test!
2026-10-01 02:33:13,033 INFO o.a.j.s.SampleEvent: List of sample_variables: []
2026-10-01 02:33:13,034 INFO o.a.j.s.SampleEvent: List of sample_variables: []
2026-10-01 02:33:13,037 INFO o.a.j.e.u.CompoundVariable: Note: Function class names must contain the string: '.functions.'
2026-10-01 02:33:13,037 INFO o.a.j.e.u.CompoundVariable: Note: Function class names must not contain the string: '.gui.'
2026-10-01 02:33:13,095 INFO o.a.j.JMeter: Running test (1790839993095)
2026-10-01 02:33:13,117 INFO o.a.j.e.StandardJMeterEngine: Starting ThreadGroup: 1 : TC-REN-005 - Thread Group
2026-10-01 02:33:13,117 INFO o.a.j.e.StandardJMeterEngine: Starting 10 threads for group TC-REN-005 - Thread Group.
2026-10-01 02:33:13,117 INFO o.a.j.e.StandardJMeterEngine: Thread will continue on error
2026-10-01 02:33:13,118 INFO o.a.j.t.ThreadGroup: Starting thread group... number=1 threads=10 ramp-up=0 delayedStart=false
2026-10-01 02:33:13,124 INFO o.a.j.t.JMeterThread: Thread started: TC-REN-005 - Thread Group 1-3
2026-10-01 02:33:13,124 INFO o.a.j.t.ThreadGroup: Started thread group number 1
2026-10-01 02:33:13,125 INFO o.a.j.e.StandardJMeterEngine: All thread groups have been started
2026-10-01 02:33:13,125 INFO o.a.j.t.JMeterThread: Thread started: TC-REN-005 - Thread Group 1-4
2026-10-01 02:33:13,125 INFO o.a.j.t.JMeterThread: Thread started: TC-REN-005 - Thread Group 1-2
2026-10-01 02:33:13,125 INFO o.a.j.t.JMeterThread: Thread started: TC-REN-005 - Thread Group 1-6
2026-10-01 02:33:13,125 INFO o.a.j.t.JMeterThread: Thread started: TC-REN-005 - Thread Group 1-1
2026-10-01 02:33:13,125 INFO o.a.j.t.JMeterThread: Thread started: TC-REN-005 - Thread Group 1-5
2026-10-01 02:33:13,126 INFO o.a.j.t.JMeterThread: Thread started: TC-REN-005 - Thread Group 1-8
2026-10-01 02:33:13,126 INFO o.a.j.t.JMeterThread: Thread started: TC-REN-005 - Thread Group 1-9
2026-10-01 02:33:13,127 INFO o.a.j.t.JMeterThread: Thread started: TC-REN-005 - Thread Group 1-10
2026-10-01 02:33:13,127 INFO o.a.j.t.JMeterThread: Thread started: TC-REN-005 - Thread Group 1-7
2026-10-01 02:33:13,145 INFO o.a.j.p.h.s.HTTPHCAbstractImpl: Local host = Juanher01
2026-10-01 02:33:13,151 INFO o.a.j.p.h.s.HTTPHC4Impl: HTTP request retry count = 0
2026-10-01 02:33:13,152 INFO o.a.j.s.SampleResult: Note: Sample TimeStamps are START times
2026-10-01 02:33:13,152 INFO o.a.j.s.SampleResult: sampleresult.default.encoding is set to UTF-8
2026-10-01 02:33:13,152 INFO o.a.j.s.SampleResult: sampleresult.useNanoTime=true
2026-10-01 02:33:13,153 INFO o.a.j.s.SampleResult: sampleresult.nanoThreadSleep=5000
2026-10-01 02:33:13,237 INFO o.a.j.p.h.s.h.LazyLayeredConnectionSocketFactory: Setting up HTTPS TrustAll Socket Factory
2026-10-01 02:33:13,245 INFO o.a.j.u.JsseSSLManager: Using default SSL protocol: TLS
2026-10-01 02:33:13,245 INFO o.a.j.u.JsseSSLManager: SSL session context: per-thread
2026-10-01 02:33:13,383 INFO o.a.j.u.SSLManager: JmeterKeyStore Location:  type JKS
2026-10-01 02:33:13,387 INFO o.a.j.u.SSLManager: KeyStore created OK
2026-10-01 02:33:13,387 WARN o.a.j.u.SSLManager: Keystore file not found, loading empty keystore
2026-10-01 02:33:30,016 INFO o.a.j.r.Summariser: summary +   1797 in 00:00:17 =  106.2/s Avg:    93 Min:    81 Max:   630 Err:     0 (0.00%) Active: 10 Started: 10 Finished: 0
2026-10-01 02:34:00,002 INFO o.a.j.r.Summariser: summary +   3340 in 00:00:30 =  111.4/s Avg:    89 Min:    80 Max:   308 Err:     0 (0.00%) Active: 10 Started: 10 Finished: 0
2026-10-01 02:34:00,002 INFO o.a.j.r.Summariser: summary =   5137 in 00:00:47 =  109.5/s Avg:    90 Min:    80 Max:   630 Err:     0 (0.00%)
2026-10-01 02:34:13,124 INFO o.a.j.t.JMeterThread: Stopping because end time detected by thread: TC-REN-005 - Thread Group 1-6
2026-10-01 02:34:13,124 INFO o.a.j.t.JMeterThread: Thread finished: TC-REN-005 - Thread Group 1-6
2026-10-01 02:34:13,124 INFO o.a.j.t.JMeterThread: Stopping because end time detected by thread: TC-REN-005 - Thread Group 1-4
2026-10-01 02:34:13,124 INFO o.a.j.t.JMeterThread: Thread finished: TC-REN-005 - Thread Group 1-4
2026-10-01 02:34:13,130 INFO o.a.j.t.JMeterThread: Stopping because end time detected by thread: TC-REN-005 - Thread Group 1-10
2026-10-01 02:34:13,130 INFO o.a.j.t.JMeterThread: Thread finished: TC-REN-005 - Thread Group 1-10
2026-10-01 02:34:13,143 INFO o.a.j.t.JMeterThread: Stopping because end time detected by thread: TC-REN-005 - Thread Group 1-1
2026-10-01 02:34:13,144 INFO o.a.j.t.JMeterThread: Thread finished: TC-REN-005 - Thread Group 1-1
2026-10-01 02:34:13,150 INFO o.a.j.t.JMeterThread: Stopping because end time detected by thread: TC-REN-005 - Thread Group 1-8
2026-10-01 02:34:13,150 INFO o.a.j.t.JMeterThread: Thread finished: TC-REN-005 - Thread Group 1-8
2026-10-01 02:34:13,161 INFO o.a.j.t.JMeterThread: Stopping because end time detected by thread: TC-REN-005 - Thread Group 1-5
2026-10-01 02:34:13,161 INFO o.a.j.t.JMeterThread: Thread finished: TC-REN-005 - Thread Group 1-5
2026-10-01 02:34:13,170 INFO o.a.j.t.JMeterThread: Stopping because end time detected by thread: TC-REN-005 - Thread Group 1-3
2026-10-01 02:34:13,170 INFO o.a.j.t.JMeterThread: Thread finished: TC-REN-005 - Thread Group 1-3
2026-10-01 02:34:13,184 INFO o.a.j.t.JMeterThread: Stopping because end time detected by thread: TC-REN-005 - Thread Group 1-9
2026-10-01 02:34:13,184 INFO o.a.j.t.JMeterThread: Thread finished: TC-REN-005 - Thread Group 1-9
2026-10-01 02:34:13,186 INFO o.a.j.t.JMeterThread: Stopping because end time detected by thread: TC-REN-005 - Thread Group 1-7
2026-10-01 02:34:13,186 INFO o.a.j.t.JMeterThread: Thread finished: TC-REN-005 - Thread Group 1-7
2026-10-01 02:34:13,196 INFO o.a.j.t.JMeterThread: Stopping because end time detected by thread: TC-REN-005 - Thread Group 1-2
2026-10-01 02:34:13,196 INFO o.a.j.t.JMeterThread: Thread finished: TC-REN-005 - Thread Group 1-2
2026-10-01 02:34:13,197 INFO o.a.j.e.StandardJMeterEngine: Notifying test listeners of end of test
2026-10-01 02:34:13,199 INFO o.a.j.r.Summariser: summary +   1473 in 00:00:13 =  111.6/s Avg:    89 Min:    80 Max:   110 Err:     0 (0.00%) Active: 0 Started: 10 Finished: 10
2026-10-01 02:34:13,199 INFO o.a.j.r.Summariser: summary =   6610 in 00:01:00 =  110.0/s Avg:    90 Min:    80 Max:   630 Err:     0 (0.00%)
2026-10-01 02:34:13,201 INFO o.a.j.JMeter: Generating Dashboard
2026-10-01 02:34:13,201 INFO o.a.j.r.d.ReportGenerator: Flushing result collector before report Generation
2026-10-01 02:34:13,225 INFO o.a.j.r.p.NormalizerSampleConsumer: Using format, 'ms', to parse timeStamp field
2026-10-01 02:34:13,554 INFO o.a.j.r.p.AbstractSampleConsumer: class org.apache.jmeter.report.processor.AggregateConsumer#stopProducing(): beginDate produced 0 samples
2026-10-01 02:34:13,554 INFO o.a.j.r.p.AbstractSampleConsumer: class org.apache.jmeter.report.processor.AggregateConsumer#stopProducing(): endDate produced 0 samples
2026-10-01 02:34:13,556 INFO o.a.j.r.p.AbstractSampleConsumer: class org.apache.jmeter.report.processor.ApdexSummaryConsumer#stopProducing(): apdexSummary produced 0 samples
2026-10-01 02:34:13,557 INFO o.a.j.r.p.AbstractSampleConsumer: class org.apache.jmeter.report.processor.RequestsSummaryConsumer#stopProducing(): requestsSummary produced 0 samples
2026-10-01 02:34:13,568 INFO o.a.j.r.p.AbstractSampleConsumer: class org.apache.jmeter.report.processor.StatisticsSummaryConsumer#stopProducing(): statisticsSummary produced 0 samples
2026-10-01 02:34:13,572 INFO o.a.j.r.p.AbstractSampleConsumer: class org.apache.jmeter.report.processor.Top5ErrorsBySamplerConsumer#stopProducing(): top5ErrorsBySampler produced 0 samples
2026-10-01 02:34:13,572 INFO o.a.j.r.p.AbstractSampleConsumer: class org.apache.jmeter.report.processor.ErrorsSummaryConsumer#stopProducing(): errorsSummary produced 0 samples
2026-10-01 02:34:13,572 INFO o.a.j.r.p.AbstractSampleConsumer: class org.apache.jmeter.report.processor.graph.impl.HitsPerSecondGraphConsumer#stopProducing(): hitsPerSecond produced 0 samples
2026-10-01 02:34:13,667 INFO o.a.j.r.p.AbstractSampleConsumer: class org.apache.jmeter.report.processor.graph.impl.LatencyVSRequestGraphConsumer#stopProducing(): latencyVsRequest produced 0 samples
2026-10-01 02:34:13,668 INFO o.a.j.r.p.AbstractSampleConsumer: class org.apache.jmeter.report.processor.graph.impl.SyntheticResponseTimeDistributionGraphConsumer#stopProducing(): syntheticResponseTimeDistribution produced 0 samples
2026-10-01 02:34:13,668 INFO o.a.j.r.p.AbstractSampleConsumer: class org.apache.jmeter.report.processor.graph.impl.BytesThroughputGraphConsumer#stopProducing(): bytesThroughputOverTime produced 0 samples
2026-10-01 02:34:13,668 INFO o.a.j.r.p.AbstractSampleConsumer: class org.apache.jmeter.report.processor.graph.impl.CodesPerSecondGraphConsumer#stopProducing(): codesPerSecond produced 0 samples
2026-10-01 02:34:13,718 INFO o.a.j.r.p.AbstractSampleConsumer: class org.apache.jmeter.report.processor.graph.impl.ResponseTimeVSRequestGraphConsumer#stopProducing(): responseTimeVsRequest produced 0 samples
2026-10-01 02:34:13,718 INFO o.a.j.r.p.AbstractSampleConsumer: class org.apache.jmeter.report.processor.FilterConsumer#stopProducing(): startIntervalControlerFilter produced 46270 samples
2026-10-01 02:34:13,718 INFO o.a.j.r.p.AbstractSampleConsumer: class org.apache.jmeter.report.processor.graph.impl.TotalTPSGraphConsumer#stopProducing(): totalTPS produced 0 samples
2026-10-01 02:34:13,718 INFO o.a.j.r.p.AbstractSampleConsumer: class org.apache.jmeter.report.processor.graph.impl.ActiveThreadsGraphConsumer#stopProducing(): activeThreadsOverTime produced 0 samples
2026-10-01 02:34:13,719 INFO o.a.j.r.p.AbstractSampleConsumer: class org.apache.jmeter.report.processor.graph.impl.TimeVSThreadGraphConsumer#stopProducing(): timeVsThreads produced 0 samples
2026-10-01 02:34:13,719 INFO o.a.j.r.p.AbstractSampleConsumer: class org.apache.jmeter.report.processor.graph.impl.ResponseTimeDistributionGraphConsumer#stopProducing(): responseTimeDistribution produced 0 samples
2026-10-01 02:34:13,719 INFO o.a.j.r.p.AbstractSampleConsumer: class org.apache.jmeter.report.processor.graph.impl.TransactionsPerSecondGraphConsumer#stopProducing(): transactionsPerSecond produced 0 samples
2026-10-01 02:34:13,719 INFO o.a.j.r.p.AbstractSampleConsumer: class org.apache.jmeter.report.processor.graph.impl.ResponseTimePercentilesGraphConsumer#stopProducing(): responseTimePercentiles produced 0 samples
2026-10-01 02:34:13,719 INFO o.a.j.r.p.AbstractSampleConsumer: class org.apache.jmeter.report.processor.graph.impl.ResponseTimePercentilesOverTimeGraphConsumer#stopProducing(): responseTimePercentilesOverTime produced 0 samples
2026-10-01 02:34:13,720 INFO o.a.j.r.p.AbstractSampleConsumer: class org.apache.jmeter.report.processor.graph.impl.ResponseTimeOverTimeGraphConsumer#stopProducing(): responseTimesOverTime produced 0 samples
2026-10-01 02:34:13,720 INFO o.a.j.r.p.AbstractSampleConsumer: class org.apache.jmeter.report.processor.graph.impl.ConnectTimeOverTimeGraphConsumer#stopProducing(): connectTimeOverTime produced 0 samples
2026-10-01 02:34:13,720 INFO o.a.j.r.p.AbstractSampleConsumer: class org.apache.jmeter.report.processor.graph.impl.LatencyOverTimeGraphConsumer#stopProducing(): latenciesOverTime produced 0 samples
2026-10-01 02:34:13,720 INFO o.a.j.r.p.AbstractSampleConsumer: class org.apache.jmeter.report.processor.FilterConsumer#stopProducing(): nameFilter produced 99150 samples
2026-10-01 02:34:13,720 INFO o.a.j.r.p.AbstractSampleConsumer: class org.apache.jmeter.report.processor.FilterConsumer#stopProducing(): dateRangeFilter produced 19830 samples
2026-10-01 02:34:13,720 INFO o.a.j.r.p.AbstractSampleConsumer: class org.apache.jmeter.report.processor.NormalizerSampleConsumer#stopProducing(): normalizer produced 6610 samples
2026-10-01 02:34:13,721 INFO o.a.j.r.p.CsvFileSampleSource: produce(): 6610 samples produced in 468ms on channel 0
2026-10-01 02:34:13,721 INFO o.a.j.r.d.ReportGenerator: Exporting data using exporter:'json' of className:'org.apache.jmeter.report.dashboard.JsonExporter'
2026-10-01 02:34:13,796 INFO o.a.j.r.d.JsonExporter: Found data for consumer statisticsSummary in context
2026-10-01 02:34:13,796 INFO o.a.j.r.d.JsonExporter: Creating statistics for overall
2026-10-01 02:34:13,796 INFO o.a.j.r.d.JsonExporter: Creating statistics for other transactions
2026-10-01 02:34:13,796 INFO o.a.j.r.d.JsonExporter: Checking output folder
2026-10-01 02:34:13,797 INFO o.a.j.r.d.JsonExporter: Writing statistics JSON to C:\Users\yoloh\OneDrive\Escritorio\OpenBreweryDB_QA\05_Rendimiento\TC-REN-005\dashboard\TC-REN-005\statistics.json
2026-10-01 02:34:13,839 INFO o.a.j.r.d.ReportGenerator: Exporting data using exporter:'html' of className:'org.apache.jmeter.report.dashboard.HtmlTemplateExporter'
2026-10-01 02:34:13,842 INFO o.a.j.r.d.HtmlTemplateExporter: Will generate dashboard in folder: C:\Users\yoloh\OneDrive\Escritorio\OpenBreweryDB_QA\05_Rendimiento\TC-REN-005\dashboard\TC-REN-005
2026-10-01 02:34:13,994 INFO o.a.j.r.d.HtmlTemplateExporter: Report will be generated in: C:\Users\yoloh\OneDrive\Escritorio\OpenBreweryDB_QA\05_Rendimiento\TC-REN-005\dashboard\TC-REN-005, creating folder structure
2026-10-01 02:34:13,998 INFO o.a.j.r.d.TemplateVisitor: Copying folder from 'C:\tools\apache-jmeter-5.6.3\bin\report-template' to 'C:\Users\yoloh\OneDrive\Escritorio\OpenBreweryDB_QA\05_Rendimiento\TC-REN-005\dashboard\TC-REN-005', got message: C:\Users\yoloh\OneDrive\Escritorio\OpenBreweryDB_QA\05_Rendimiento\TC-REN-005\dashboard\TC-REN-005, found non empty folder with following content [C:\Users\yoloh\OneDrive\Escritorio\OpenBreweryDB_QA\05_Rendimiento\TC-REN-005\dashboard\TC-REN-005\statistics.json], will be ignored
2026-10-01 02:34:14,354 INFO o.a.j.JMeter: Dashboard generated
